// Jest Snapshot v1, https://goo.gl/fbAQLP

exports[`CharacterCard should match the snapshot 1`] = `
<section
  className="character-card"
>
  <h2>
    Bob
  </h2>
  <h4>
    SPECIES: 
    <br />
     
    human
  </h4>
  <h4>
    HOMEWORLD: 
    <br />
     
    Earth
  </h4>
  <h4>
    POPULATION: 
    <br />
     
    7000000000
  </h4>
  <h4>
    FILMS:
  </h4>
  <p
    key="1"
  >
    - 
    Pulp Fiction
  </p>
  <p
    key="2"
  >
    - 
    Empire Strikes Back
  </p>
  <p
    key="3"
  >
    - 
    Casablanca
  </p>
</section>
`;
