// Jest Snapshot v1, https://goo.gl/fbAQLP

exports[`Header should match the snapshot 1`] = `
<header>
  <div
    className="header-black-box"
  >
    x
  </div>
  <div
    className="death-star-container"
  >
    <img
      src="death-star.png"
    />
  </div>
  <div
    className="heading-line"
  >
    <h1 />
  </div>
</header>
`;
