// Jest Snapshot v1, https://goo.gl/fbAQLP

exports[`Header should match the snapshot 1`] = `
<header>
  <div
    className="header-black-box"
  >
    x
  </div>
  <div
    className="death-star-container"
  >
    <img
      alt="death star"
      src="death-star.png"
    />
  </div>
  <div
    className="heading-line"
  >
    <h1>
      Heading text
    </h1>
    <Link
      to="/"
    >
      <button
        className="logout-button"
        onClick={[Function]}
      >
        LOG OUT
      </button>
    </Link>
  </div>
</header>
`;
