// Jest Snapshot v1, https://goo.gl/fbAQLP

exports[`MovieCard should match the snapshot 1`] = `
<section
  className="movie-card"
>
  <h3>
    EPISODE 
  </h3>
  <h2
    className="movie-title"
  >
    DIE HARD
  </h2>
  <h4>
    RELEASED IN 
    1988
  </h4>
  <Link
    to="/movies/undefined"
  >
    <button
      className="view-characters-button"
      onClick={[Function]}
    >
      VIEW CHARACTERS
    </button>
  </Link>
</section>
`;
