// Jest Snapshot v1, https://goo.gl/fbAQLP

exports[`MovieContainer should match the snapshot 1`] = `
<section
  className="movie-container"
>
  <MovieCard
    key="1"
    movie={
      Object {
        "characters": Array [
          "url1",
          "url2",
        ],
        "episode_id": 1,
        "name": "Titanic",
      }
    }
  />
  <MovieCard
    key="2"
    movie={
      Object {
        "characters": Array [
          "url1",
          "url2",
        ],
        "episode_id": 2,
        "name": "Alien",
      }
    }
  />
  <MovieCard
    key="3"
    movie={
      Object {
        "characters": Array [
          "url1",
          "url2",
        ],
        "episode_id": 3,
        "name": "Robocop",
      }
    }
  />
</section>
`;
